Enter a: Enter b: Enter b: Enter c: 
The equation 2x^2 + -7x + 5 = 0 has solutions:
x=2.50, x=1.00
