Enter a: Enter b: Enter c: 
The equation 1x^2 + 1x + 1 = 0 has solutions:
There are no real solutions.
