Enter a: Enter b: Enter c:
The equation 1x^2 + 2x + 1 = 0 has solutions:
x=-1.00
