Enter a: Enter b: Enter c: 
The equation 1x^2 + 3x + 2 = 0 has solutions:
x=-1.00, x=-2.00
